MSBUILD : error MSB1011: Especifique el archivo de proyecto o de solución que se va a utilizar ya que esta carpeta contiene más de un archivo de proyecto o de solución.
